
ASEM-51 V1.3                                         Copyright (c) 2002 by W.W. Heinz                                         PAGE 1





       MCS-51 Family Macro Assembler   A S E M - 5 1   V 1.3
       =====================================================



	Source File:	C:\Users\84975\Documents\MIDE 8051\LED_7_segment_89C52.asm
	Object File:	C:\Users\84975\Documents\MIDE 8051\LED_7_segment_89C52.hex
	List File:	C:\Users\84975\Documents\MIDE 8051\LED_7_segment_89C52.lst



 Line  I  Addr  Code            Source

    1:				; 7-segment LED interface: Display from 0 to 9 after each second. When the value is 9, it will come
				back to 0.
    2:				; Microcontroller : AT89C52
    3:				; Simulation : Proteus
    4:				; Programming language : Assembly
    5:				; Hardware connection : Port 1 is conneted to 7-segment LED. Pin 1.7 is not connected.
    6:				; 7-segment LED table decoder
    7:		N      4000	ORG 4000H
    8:	  4000	3F		DB 3FH ; display 0 pattern
    9:	  4001	06		DB 06H ; display 1 pattern
   10:	  4002	5B		DB 5BH ; display 2 pattern
   11:	  4003	4F		DB 4FH ; display 3 pattern
   12:	  4004	66		DB 66H ; display 4 pattern
   13:	  4005	6D		DB 6DH ; display 5 pattern
   14:	  4006	7D		DB 7DH ; display 6 pattern
   15:	  4007	07		DB 07H ; display 7 pattern
   16:	  4008	7F		DB 7FH ; display 8 pattern
   17:	  4009	6F		DB 6FH ; display 9 pattern
   18:	  400A	00		DB 00H; end of the table
   19:				; Main program
   20:		N      0000	ORG 0000H
   21:	  0000			MAIN :
   22:	  0000	90 40 00			MOV DPTR, #4000H ; DPTR point to the table
   23:	  0003	74 00		DISPLAY : 	MOV A,#0
   24:	  0005	93				MOVC A,@A+DPTR
   25:	  0006	60 F8				JZ MAIN
   26:	  0008	F5 90				MOV P1, A
   27:	  000A	11 11				ACALL DELAY_1S
   28:	  000C	A3				INC DPTR
   29:	  000D	80 F4				SJMP DISPLAY
   30:	  000F	80 EF				SJMP MAIN
   31:				; Delay function : 1 second
   32:	  0011			DELAY_1S :
   33:	  0011	78 05			  MOV R0,#5
   34:	  0013	79 C8		LOOP3	: MOV R1,#200
   35:	  0015	7A C8		LOOP2 	: MOV R2,#200
   36:	  0017	00		LOOP1	: NOP
   37:	  0018	DA FD			  DJNZ R2, LOOP1
   38:	  001A	D9 F9			  DJNZ R1, LOOP2
   39:	  001C	D8 F5			  DJNZ R0, LOOP3
   40:	  001E	22			  RET
   41:				; LOOP1 : (1.2+2.4)x(R2-1)+1.2 = 717.6 us
   42:				; LOOP2 : (1.2+717.6)x(R1-1)+1.2 = 143043 us

ASEM-51 V1.3                                         Copyright (c) 2002 by W.W. Heinz                                         PAGE 2



 Line  I  Addr  Code            Source

   43:				; LOOP3 : (1.2+143043)x(R0-1)+1.2 = 1000000us ->
   44:				END





                     register banks used:  ---

                     no errors




ASEM-51 V1.3                                         Copyright (c) 2002 by W.W. Heinz                                         PAGE 3





	       L I S T   O F   S Y M B O L S
	       =============================


SYMBOL				  TYPE     VALUE	LINE
------------------------------------------------------------
??ASEM_51			  NUMBER    8051
??VERSION			  NUMBER    0130
AC				  BIT	      D6
ACC				  DATA	      E0
B				  DATA	      F0
CY				  BIT	      D7
DELAY_1S			  CODE	    0011	  32
DISPLAY				  CODE	    0003	  23
DPH				  DATA	      83
DPL				  DATA	      82
EA				  BIT	      AF
ES				  BIT	      AC
ET0				  BIT	      A9
ET1				  BIT	      AB
EX0				  BIT	      A8
EX1				  BIT	      AA
EXTI0				  CODE	    0003
EXTI1				  CODE	    0013
F0				  BIT	      D5
IE				  DATA	      A8
IE0				  BIT	      89
IE1				  BIT	      8B
INT0				  BIT	      B2
INT1				  BIT	      B3
IP				  DATA	      B8
IT0				  BIT	      88
IT1				  BIT	      8A
LOOP1				  CODE	    0017	  36
LOOP2				  CODE	    0015	  35
LOOP3				  CODE	    0013	  34
MAIN				  CODE	    0000	  21
OV				  BIT	      D2
P				  BIT	      D0
P0				  DATA	      80
P1				  DATA	      90
P2				  DATA	      A0
P3				  DATA	      B0
PCON				  DATA	      87
PS				  BIT	      BC
PSW				  DATA	      D0
PT0				  BIT	      B9
PT1				  BIT	      BB
PX0				  BIT	      B8
PX1				  BIT	      BA
RB8				  BIT	      9A
RD				  BIT	      B7
REN				  BIT	      9C
RESET				  CODE	    0000
RI				  BIT	      98
RS0				  BIT	      D3

ASEM-51 V1.3                                         Copyright (c) 2002 by W.W. Heinz                                         PAGE 4



SYMBOL				  TYPE     VALUE	LINE
------------------------------------------------------------
RS1				  BIT	      D4
RXD				  BIT	      B0
SBUF				  DATA	      99
SCON				  DATA	      98
SINT				  CODE	    0023
SM0				  BIT	      9F
SM1				  BIT	      9E
SM2				  BIT	      9D
SP				  DATA	      81
T0				  BIT	      B4
T1				  BIT	      B5
TB8				  BIT	      9B
TCON				  DATA	      88
TF0				  BIT	      8D
TF1				  BIT	      8F
TH0				  DATA	      8C
TH1				  DATA	      8D
TI				  BIT	      99
TIMER0				  CODE	    000B
TIMER1				  CODE	    001B
TL0				  DATA	      8A
TL1				  DATA	      8B
TMOD				  DATA	      89
TR0				  BIT	      8C
TR1				  BIT	      8E
TXD				  BIT	      B1
WR				  BIT	      B6
